// Jest Snapshot v1, https://goo.gl/fbAQLP

exports[`HelloWorld should match snapshot 1`] = `
<div
  class="hello"
>
  <h1>
    World
  </h1>
  <p>
     For a guide and recipes on how to configure / customize this project,
    <br />
     check out the 
    <a
      href="https://cli.vuejs.org"
      rel="noopener"
      target="_blank"
    >
      vue-cli documentation
    </a>
    . 
  </p>
  <h3>
    Installed CLI Plugins
  </h3>
  <h3>
    Essential Links
  </h3>
  <ul>
    <li>
      <a
        href="https://vuejs.org"
        rel="noopener"
        target="_blank"
      >
        Core Docs
      </a>
    </li>
    <li>
      <a
        href="https://forum.vuejs.org"
        rel="noopener"
        target="_blank"
      >
        Forum
      </a>
    </li>
    <li>
      <a
        href="https://chat.vuejs.org"
        rel="noopener"
        target="_blank"
      >
        Community Chat
      </a>
    </li>
    <li>
      <a
        href="https://twitter.com/vuejs"
        rel="noopener"
        target="_blank"
      >
        Twitter
      </a>
    </li>
    <li>
      <a
        href="https://news.vuejs.org"
        rel="noopener"
        target="_blank"
      >
        News
      </a>
    </li>
  </ul>
  <h3>
    Ecosystem
  </h3>
  <ul>
    <li>
      <a
        href="https://router.vuejs.org"
        rel="noopener"
        target="_blank"
      >
        vue-router
      </a>
    </li>
    <li>
      <a
        href="https://vuex.vuejs.org"
        rel="noopener"
        target="_blank"
      >
        vuex
      </a>
    </li>
    <li>
      <a
        href="https://vue-loader.vuejs.org"
        rel="noopener"
        target="_blank"
      >
        vue-loader
      </a>
    </li>
    <li>
      <a
        href="https://github.com/vuejs/awesome-vue"
        rel="noopener"
        target="_blank"
      >
        awesome-vue
      </a>
    </li>
  </ul>
</div>
`;
